// Jest Snapshot v1, https://goo.gl/fbAQLP

exports[`renders email preferences setting page correctly 1`] = `
<div
  className="src-shared-components-Settings-Preferences-Email-___styles__EmailPreferences___2FUGT"
>
  <Item
    description="If this was a mistake or if you would like to resubscribe, please click the “Subscribe” button."
    email="test@test.com"
    id="email"
    isSubscribeForm={true}
    link=""
    linkTitle="SUBSCRIBE"
    title="You are not subscribed to receive topcoder emails"
  />
</div>
`;
